// Jest Snapshot v1, https://goo.gl/fbAQLP

exports[`Button component should match snapshot 1`] = `
<DocumentFragment>
  .c0 {
  width: 100%;
  font-size: 1.5rem;
  padding: 0.8rem 2.6rem 0.8rem 2.6rem;
  border-radius: 0.5rem;
  border: none;
  box-sizing: border-box;
  font-weight: 500;
  font-stretch: normal;
  line-height: 1.4;
  margin: 0.2rem;
  display: relative;
  overflow: hidden;
  cursor: pointer;
  text-align: center;
  -webkit-text-decoration: none;
  text-decoration: none;
  text-transform: none;
  white-space: nowrap;
  -webkit-box-pack: center;
  -webkit-justify-content: center;
  -ms-flex-pack: center;
  justify-content: center;
  -webkit-align-items: center;
  -webkit-box-align: center;
  -ms-flex-align: center;
  align-items: center;
  -webkit-appearance: none;
  -moz-appearance: none;
  -webkit-appearance: none;
  -moz-appearance: none;
  appearance: none;
  -webkit-user-select: none;
  -moz-user-select: none;
  -ms-user-select: none;
  -webkit-user-select: none;
  -moz-user-select: none;
  -ms-user-select: none;
  user-select: none;
  -webkit-transition: -webkit-transform 0.2s ease-in;
  -webkit-transition: transform 0.2s ease-in;
  transition: transform 0.2s ease-in;
  will-change: transform;
}

.c0:hover {
  -webkit-transform: scale(0.975);
  -ms-transform: scale(0.975);
  transform: scale(0.975);
  -webkit-transform: scale(0.975);
}

.c0:active {
  -webkit-transform: scale(0.9);
  -ms-transform: scale(0.9);
  transform: scale(0.9);
  -webkit-transform: scale(0.9);
}

.c0:focus {
  outline: none;
}

<button
    class="c0"
  >
    Testing
  </button>
</DocumentFragment>
`;
