// Jest Snapshot v1, https://goo.gl/fbAQLP

exports[`Image component should match snapshot 1`] = `
<DocumentFragment>
  <img
    class=""
    src="testing"
  />
</DocumentFragment>
`;
