// Jest Snapshot v1, https://goo.gl/fbAQLP

exports[`Message component should match snapshot 1`] = `
<DocumentFragment>
  <h2
    class=""
  >
    Testing
  </h2>
</DocumentFragment>
`;
